127.0.0.1 - - [19/Dec/2016:09:48:59 -0600] "GET / HTTP/1.1" 404 951
0:0:0:0:0:0:0:1 - - [19/Dec/2016:09:49:01 -0600] "GET /JSP/search.jsp HTTP/1.1" 200 470
0:0:0:0:0:0:0:1 - - [19/Dec/2016:09:49:20 -0600] "GET /JSP/reg.jsp HTTP/1.1" 200 1064
0:0:0:0:0:0:0:1 - - [19/Dec/2016:09:49:49 -0600] "POST /JSP/EmployeeServlet HTTP/1.1" 500 1481
0:0:0:0:0:0:0:1 - - [19/Dec/2016:09:50:27 -0600] "GET /JSP/index.html HTTP/1.1" 200 431
0:0:0:0:0:0:0:1 - - [19/Dec/2016:09:50:29 -0600] "GET /JSP/Registrarion.jsp HTTP/1.1" 404 991
0:0:0:0:0:0:0:1 - - [19/Dec/2016:09:50:51 -0600] "GET /JSP/succes.jsp HTTP/1.1" 200 292
0:0:0:0:0:0:0:1 - - [19/Dec/2016:09:51:08 -0600] "GET /JSP/succes.jsp HTTP/1.1" 200 292
0:0:0:0:0:0:0:1 - - [19/Dec/2016:09:51:21 -0600] "GET /JSP/search.jsp HTTP/1.1" 200 470
127.0.0.1 - - [19/Dec/2016:09:52:13 -0600] "GET / HTTP/1.1" 404 951
0:0:0:0:0:0:0:1 - - [19/Dec/2016:09:52:14 -0600] "GET /JSP/WEB-INF/classes/test/MyConnection.java HTTP/1.1" 404 949
127.0.0.1 - - [19/Dec/2016:10:39:33 -0600] "GET / HTTP/1.1" 404 951
0:0:0:0:0:0:0:1 - - [19/Dec/2016:10:39:34 -0600] "GET /JSP/EmployeeServlet HTTP/1.1" 200 15
0:0:0:0:0:0:0:1 - - [19/Dec/2016:10:41:09 -0600] "GET /JSP/EmployeeServlet HTTP/1.1" 200 15
0:0:0:0:0:0:0:1 - - [19/Dec/2016:10:44:59 -0600] "GET /JSP/EmployeeServlet HTTP/1.1" 200 15
127.0.0.1 - - [19/Dec/2016:10:52:38 -0600] "GET / HTTP/1.1" 404 951
0:0:0:0:0:0:0:1 - - [19/Dec/2016:10:52:38 -0600] "GET /JSP/EmployeeServlet HTTP/1.1" 200 15
127.0.0.1 - - [19/Dec/2016:10:55:02 -0600] "GET / HTTP/1.1" 404 951
0:0:0:0:0:0:0:1 - - [19/Dec/2016:10:55:54 -0600] "GET /JSP/EmployeeServlet HTTP/1.1" 200 15
127.0.0.1 - - [19/Dec/2016:11:02:19 -0600] "GET / HTTP/1.1" 404 951
0:0:0:0:0:0:0:1 - - [19/Dec/2016:11:02:19 -0600] "GET /JSP/WEB-INF/web.xml HTTP/1.1" 404 949
0:0:0:0:0:0:0:1 - - [19/Dec/2016:11:05:49 -0600] "GET /JSP/insertServlet HTTP/1.1" 200 15
127.0.0.1 - - [19/Dec/2016:11:30:21 -0600] "GET / HTTP/1.1" 404 951
0:0:0:0:0:0:0:1 - - [19/Dec/2016:11:30:21 -0600] "GET /JSP/insertServlet HTTP/1.1" 200 15
127.0.0.1 - - [19/Dec/2016:11:31:05 -0600] "GET / HTTP/1.1" 404 951
0:0:0:0:0:0:0:1 - - [19/Dec/2016:11:31:50 -0600] "GET /JSP/insertServlet HTTP/1.1" 200 15
0:0:0:0:0:0:0:1 - - [19/Dec/2016:11:35:52 -0600] "GET /JSP/reg.jsp HTTP/1.1" 200 1062
127.0.0.1 - - [19/Dec/2016:11:37:05 -0600] "GET / HTTP/1.1" 404 951
0:0:0:0:0:0:0:1 - - [19/Dec/2016:11:37:06 -0600] "GET /JSP/insertServlet HTTP/1.1" 200 15
127.0.0.1 - - [19/Dec/2016:11:52:19 -0600] "GET / HTTP/1.1" 404 951
0:0:0:0:0:0:0:1 - - [19/Dec/2016:11:52:20 -0600] "GET /JSP/WEB-INF/classes/test/DaoOperations.java HTTP/1.1" 404 949
127.0.0.1 - - [19/Dec/2016:11:55:50 -0600] "GET / HTTP/1.1" 404 951
0:0:0:0:0:0:0:1 - - [19/Dec/2016:11:55:50 -0600] "GET /JSP/reg.jsp HTTP/1.1" 200 1062
0:0:0:0:0:0:0:1 - - [19/Dec/2016:11:56:12 -0600] "POST /JSP/insertServlet HTTP/1.1" 200 -
127.0.0.1 - - [19/Dec/2016:11:58:27 -0600] "GET / HTTP/1.1" 404 951
0:0:0:0:0:0:0:1 - - [19/Dec/2016:11:58:27 -0600] "GET /JSP/reg.jsp HTTP/1.1" 200 1062
0:0:0:0:0:0:0:1 - - [19/Dec/2016:11:58:46 -0600] "POST /JSP/insertServlet HTTP/1.1" 200 -
127.0.0.1 - - [19/Dec/2016:12:00:39 -0600] "GET / HTTP/1.1" 404 951
0:0:0:0:0:0:0:1 - - [19/Dec/2016:12:00:39 -0600] "GET /JSP/reg.jsp HTTP/1.1" 200 1062
0:0:0:0:0:0:0:1 - - [19/Dec/2016:12:00:59 -0600] "POST /JSP/insertServlet HTTP/1.1" 200 291
127.0.0.1 - - [19/Dec/2016:13:32:06 -0600] "GET / HTTP/1.1" 404 951
0:0:0:0:0:0:0:1 - - [19/Dec/2016:13:32:06 -0600] "GET /JSP/updatedetails HTTP/1.1" 200 -
0:0:0:0:0:0:0:1 - - [19/Dec/2016:13:34:33 -0600] "GET /JSP/updatedetails HTTP/1.1" 200 -
0:0:0:0:0:0:0:1 - - [19/Dec/2016:13:40:27 -0600] "GET /JSP/updatedetails HTTP/1.1" 200 -
127.0.0.1 - - [19/Dec/2016:20:39:54 -0600] "GET / HTTP/1.1" 404 951
0:0:0:0:0:0:0:1 - - [19/Dec/2016:20:39:56 -0600] "GET /JSP/updatedetails HTTP/1.1" 200 -
127.0.0.1 - - [19/Dec/2016:20:52:02 -0600] "GET / HTTP/1.1" 404 951
0:0:0:0:0:0:0:1 - - [19/Dec/2016:20:52:02 -0600] "GET /JSP/Delete HTTP/1.1" 200 15
0:0:0:0:0:0:0:1 - - [19/Dec/2016:20:53:34 -0600] "GET /JSP/Delete HTTP/1.1" 200 15
127.0.0.1 - - [19/Dec/2016:20:55:50 -0600] "GET / HTTP/1.1" 404 951
0:0:0:0:0:0:0:1 - - [19/Dec/2016:20:55:51 -0600] "GET /JSP/Delete HTTP/1.1" 200 15
127.0.0.1 - - [19/Dec/2016:20:56:23 -0600] "GET / HTTP/1.1" 404 951
0:0:0:0:0:0:0:1 - - [19/Dec/2016:20:56:24 -0600] "GET /JSP/servlet/test.Delete HTTP/1.1" 404 997
127.0.0.1 - - [19/Dec/2016:20:58:29 -0600] "GET / HTTP/1.1" 404 951
0:0:0:0:0:0:0:1 - - [19/Dec/2016:20:58:30 -0600] "GET /JSP/servlet/test.Delete HTTP/1.1" 404 997
127.0.0.1 - - [19/Dec/2016:20:59:20 -0600] "GET / HTTP/1.1" 404 951
0:0:0:0:0:0:0:1 - - [19/Dec/2016:20:59:21 -0600] "GET /JSP/servlet/test.Delete HTTP/1.1" 404 997
127.0.0.1 - - [19/Dec/2016:21:01:05 -0600] "GET / HTTP/1.1" 404 951
0:0:0:0:0:0:0:1 - - [19/Dec/2016:21:01:06 -0600] "GET /JSP/WEB-INF/web.xml HTTP/1.1" 404 949
127.0.0.1 - - [19/Dec/2016:21:02:05 -0600] "GET / HTTP/1.1" 404 951
0:0:0:0:0:0:0:1 - - [19/Dec/2016:21:02:06 -0600] "GET /JSP/servlet/test.Delete HTTP/1.1" 404 997
127.0.0.1 - - [19/Dec/2016:21:15:45 -0600] "GET / HTTP/1.1" 404 951
0:0:0:0:0:0:0:1 - - [19/Dec/2016:21:15:46 -0600] "GET /JSP/servlet/test.Delete HTTP/1.1" 404 997
127.0.0.1 - - [19/Dec/2016:21:17:47 -0600] "GET / HTTP/1.1" 404 951
0:0:0:0:0:0:0:1 - - [19/Dec/2016:21:17:48 -0600] "GET /JSP/servlet/test.Delete HTTP/1.1" 404 997
127.0.0.1 - - [19/Dec/2016:21:20:34 -0600] "GET / HTTP/1.1" 404 951
127.0.0.1 - - [19/Dec/2016:21:21:28 -0600] "GET / HTTP/1.1" 404 951
0:0:0:0:0:0:0:1 - - [19/Dec/2016:21:21:29 -0600] "GET /JSP/servlet/test.Delete HTTP/1.1" 404 997
127.0.0.1 - - [19/Dec/2016:21:38:58 -0600] "GET / HTTP/1.1" 404 951
0:0:0:0:0:0:0:1 - - [19/Dec/2016:21:38:59 -0600] "GET /cloud1/web.html HTTP/1.1" 200 203
